HIDE AND SEEK   you are @
┌───────────────┐
│...............│
│..####....###..│
│..#..........#.│
│..#...####...#.│
│......#..#.....│
│.####.#..#.....│
│.@.............│
└───────────────┘
arrows move, q leaves

HIDE AND SEEK   you are @
┌───────────────┐
│...............│
│..####....###..│
│..#..!.......#.│
│..#...####...#.│
│......#..o.....│
│.####.#..#.....│
│...@...........│
└───────────────┘
2 other(s) in the room

HIDE AND SEEK   you are @
┌───────────────┐
│...............│
│..####....###..│
│..#..!.......#.│
│..#...####...#.│
│......#..o.....│
│.####.#..#.....│
│...@...........│
└───────────────┘
stale — 2 syncs since the room answered

HIDE AND SEEK   you are @
┌───────────────┐
│...............│
│..####....###..│
│..#..........#.│
│..#...####...#.│
│......#..#.....│
│.##!#.#..#.....│
│...@...........│
└───────────────┘
1 other(s) in the room

HIDE AND SEEK   you are @
┌───────────────┐
│...............│
│..####....###..│
│..#..........#.│
│..#...####...#.│
│......#..#.....│
│.####.#..#.....│
│...@...........│
└───────────────┘
caught
caught
