score 0
┌────────────┐
│............│
│............│
│.........*..│
│............│
│...ooo......│
│............│
│............│
│............│
└────────────┘
arrows move, q quits

score 0
┌────────────┐
│............│
│............│
│.........*..│
│............│
│.......ooo..│
│............│
│............│
│............│
└────────────┘
arrows move, q quits

score 1
┌────────────┐
│............│
│............│
│.........o..│
│.........o..│
│........oo..│
│............│
│............│
│*...........│
└────────────┘
arrows move, q quits

score 1
┌────────────┐
│............│
│............│
│......oooo..│
│............│
│............│
│............│
│............│
│*...........│
└────────────┘
arrows move, q quits

score 1
┌────────────┐
│......o.....│
│......o.....│
│......oo....│
│............│
│............│
│............│
│............│
│*...........│
└────────────┘
game over
final score 1
