score 0
┌──────┐
│.####.│
│......│
│......│
│......│
│......│
│......│
│......│
│......│
│......│
│......│
│......│
│......│
└──────┘
arrows move and turn, q quits

score 0
┌──────┐
│..##..│
│..##..│
│......│
│......│
│......│
│......│
│......│
│......│
│......│
│......│
│......│
│####..│
└──────┘
arrows move and turn, q quits

score 100
┌──────┐
│......│
│......│
│..##..│
│.##...│
│......│
│......│
│......│
│......│
│......│
│......│
│......│
│....##│
└──────┘
arrows move and turn, q quits
final score 100
