coin 55   lives 5   wave 0
┌─────────────┐
│.............│
│.............│
│....+........│
│.............│
│.............│
└─────────────┘
arrows aim, enter builds a tower, q leaves

coin 45   lives 5   wave 0
┌─────────────┐
│.............│
│.............│
│......T......│
│.............│
│.............│
└─────────────┘
A tower goes up.

coin 45   lives 5   wave 1
┌─────────────┐
│.............│
│.............│
│.o....T......│
│.............│
│.............│
└─────────────┘
Wave 1 comes up the lane.

coin 51   lives 5   wave 2
┌─────────────┐
│.............│
│.............│
│..o...T......│
│.............│
│.............│
└─────────────┘
1 down.

coin 21   lives 5   wave 2
┌─────────────┐
│......T......│
│......T......│
│..o...T......│
│......T......│
│.............│
└─────────────┘
A tower goes up.

coin 21   lives 5   wave 2
┌─────────────┐
│......T......│
│......T......│
│..o...T......│
│......T......│
│......+......│
└─────────────┘
That would seal the lane. The tower comes down again.
held for 2 wave(s) with 5 lives left
